-58.91678703416156
-30.942228902650427
-22.709109252081063
-18.48125291035047
-16.10590909857737
-14.140268145093255
-13.057663964845627
-12.105331597073263
-11.453682537824557
-10.653523742469652
-10.040382932178545
-9.59338213433296
-9.115060859229388
-8.719253305290707
-8.208866607508275
-7.884684443034151
-7.611920641026316
-7.306010171640013
-7.08771310291936
-6.876634548265301
-6.651327193002352
-6.499096433068918
-6.347719872203877
-6.193038424310579
-6.070747570415184
-5.953984240038996
-5.881443158499313
-5.827354754730128
-5.721892072185773
-5.690857113563531
-5.6572487192993135
-5.628721409628947
-5.576337662129166
-5.610922834067698
-5.597606713927732
-5.560476958279975
-5.618239087357252
-5.665024327776301
-5.694647832001051
-5.703558815247745
-5.789402872589318
-5.894833101547063
-5.897305198936066
-5.990310932106363
-6.099343000230284
-6.099664390258119
-6.073928938276402
-6.181256055104954
-6.345678800121241
-6.3362472637068565
-6.4407329682090655
-6.569777554493523
-6.622997032628476
-6.687432050059722
-6.751677012629305
-6.820611799165366
-6.902875376741209
-6.9274629190148005
-6.990502693452878
-7.073914831924968
-7.226035948093201
-7.289756031000648
-7.341712936252
-7.392075445559872
-7.434568282242293
-7.482464644036769
-7.494602630172117
-7.548476690045022
-7.730062675325519
-7.793199337577034
-7.791529499088675
-7.83667811881897
-7.956624255069132
-8.039559103911799
-8.147639785405104
-8.187828524738688
-8.216441332443795
-8.318844269188073
-8.374964102432122
-8.465103489840796
-8.492488730777138
-8.508595641176324
-8.602247923636583
-8.638064901186294
-8.715947296199781
-8.73494695491799
-8.743535716514636
-8.827392408791557
-8.985078447148723
-8.965675625984439
-8.911069627496078
-8.91763878710971
-8.997397778850809
-9.151513751832791
-9.265702894285516
-9.363433889411423
-9.34472629527862
-9.3197790453875
-9.36427979864634
-9.485203312315285
----------------------------------------------------------------------------------------------------
26
----------------------------------------------------------------------------------------------------
-22.846606434502913
-5.502198658645684
-0.9648800133031107
0.051346977963812435
-0.14676065609428468
-0.7725820854892949
-1.4612731795976412
-2.170335157548485
-2.7678544275772197
-3.3265465051303016
-3.767741059657425
-4.048142675403135
-4.259867930209062
-4.532029479929871
-4.724629006765109
-4.801538971219314
-4.900031268809827
-5.101544401265719
-5.2090827300200395
-5.326542251384902
-5.3956492485729886
-5.472590255220443
-5.518718520523627
-5.628602114087873
-5.670114081669889
-5.757653674660553
-5.768909520481391
-5.913400363465611
-5.94313853996573
-5.952568867787483
-6.097980965112437
-6.060786200553026
-6.033656208529436
-6.146917962643278
-6.111215794003232
-6.0537270440876005
-6.098568493922427
-6.127286470360129
-6.085458680688202
-6.148466470716413
-6.117138891703787
-6.1102878526207025
-6.168522316589134
-6.062909307435321
-6.105354363238881
-6.00237697018534
-6.111331771263112
-6.187379468468308
-6.163541681464533
-6.135681622968935
-6.130237621332731
-5.9397435453397645
-5.931901873087448
-6.05590487540241
-6.098773233967738
-6.053533242720132
-6.001631810694984
-5.988246429947753
-5.96005855332325
-5.914955349266198
-5.89930795526572
-6.008384845087629
-6.08351605045191
-6.119783699860832
-6.216078591549316
-6.245925439687701
-6.1235157294747555
-6.042993155655931
-6.013885432052101
-5.928945690053068
-5.8618272078477895
-5.7273860769728335
-5.695660038865595
-5.660809844572252
-5.663890398569909
-5.801047736288068
-5.9335532926219825
-6.055885064136589
-6.172373738255819
-6.2195483197820005
-6.204631762540392
-6.053424510242378
-5.879984885700563
-5.812793926137193
-5.7287632090873934
-5.546728046953011
-5.473028703336965
-5.401769365307539
-5.424690686393203
-5.498637537257391
-5.619193970240983
-5.738041189434669
-5.847248223376257
-5.952196987965644
-5.991574628464882
-5.966996210358626
-5.816540858726373
-5.710688200077158
-5.601221453814037
-5.489878327637847
----------------------------------------------------------------------------------------------------
28
----------------------------------------------------------------------------------------------------
-30.670017943027748
-16.905231612310743
-12.142209121765639
-10.456114026224121
-9.09210508725533
-8.134561189930617
-7.237168970661911
-6.490366772682132
-5.851301381427007
-5.282893361294965
-4.767905863202549
-4.317041901545227
-3.921163923732299
-3.6498837710138647
-3.3586478915947127
-3.1284918001275233
-2.9317475987486197
-2.8172935734842026
-2.725954873664508
-2.5790467344119183
-2.496183179550986
-2.4372004055362684
-2.348465241951317
-2.348119456125511
-2.317211726396992
-2.347731804380806
-2.3906101664283765
-2.382614632173981
-2.430891951735249
-2.491298803914703
-2.498141983832593
-2.5581422550946753
-2.6034958031653037
-2.6060014604570014
-2.744312277239182
-2.807405479452102
-2.8822066021840373
-2.9123347113692333
-3.0008031512226454
-3.0573789308483055
-3.14015825207336
-3.168280380289176
-3.3160712241280192
-3.375742846333694
-3.444950281756285
-3.457217015964825
-3.569316668582612
-3.614294769580951
-3.6683598394687755
-3.617199258435984
-3.6579599456687886
-3.6524395481387297
-3.741670818630084
-3.8323074245733664
-3.8536412477670012
-3.8394359092503008
-3.907344877098608
-4.032763638466556
-4.114135737596294
-4.190387399079041
-4.254127669599853
-4.2248955805263275
-4.252915640804172
-4.4192587863569655
-4.487306550112259
-4.53965879277186
-4.646089450034201
-4.58492204188765
-4.591294911692805
-4.742090272850511
-4.835809454121665
-4.872000328078206
-4.977407627402877
-5.023741293249043
-4.956754973713226
-4.967083958027266
-5.104912541421529
-5.185544733251818
-5.191153669067413
-5.188489072414932
-5.163514447313232
-5.1624079000947765
-5.16085127321157
-5.284276758162207
-5.39236446627312
-5.386251777856115
-5.386211556393933
-5.484856288350178
-5.552595645524436
-5.47067799855597
-5.45966294628116
-5.561859574335974
-5.650085986106387
-5.695314768961191
-5.756320126709794
-5.808661435206933
-5.849257579175646
-5.868651262602806
-5.755139621753691
-5.723728940250143
----------------------------------------------------------------------------------------------------
27
----------------------------------------------------------------------------------------------------
-35.931939803317356
-16.48653111180017
-9.14492902526623
-5.833147971454756
-4.008080618382031
-3.1154055561779916
-2.719649033241504
-2.570438609323703
-2.549689931455622
-2.56356654759183
-2.8079298071696
-3.0085596672797754
-3.190887559620381
-3.423517933252218
-3.682136938652755
-3.793293368013286
-3.986953470396947
-4.164730552996471
-4.384137786039302
-4.5661972996055775
-4.755092856487904
-5.010689741515652
-5.221677784593672
-5.402061020826614
-5.551184051198502
-5.767169624403774
-5.91174475502984
-6.020771509037378
-6.124961184541315
-6.272942517384296
-6.431365179915265
-6.5530477947895704
-6.647851384028538
-6.696081564246802
-6.944985600104708
-7.084520440210779
-7.2479463864110585
-7.398151383015536
-7.528811745478135
-7.616522149363652
-7.655984862649343
-7.796786096938778
-7.845776313657652
-7.863505659967185
-8.060943233900401
-8.07728859664745
-8.013221160504589
-8.296923814502925
-8.30934603745993
-8.40089012501205
-8.520473807885422
-8.462612582608669
-8.586303784565319
-8.66569991795291
-8.764439838492583
-8.723128865680508
-8.940851482863021
-8.951917518892156
-8.82796212675027
-9.051837193845339
-9.050495169118811
-9.020213995880022
-9.00226215450347
-9.07744983620855
-9.077959262658258
-9.164182052469705
-9.134054595033295
-9.190604119906268
-9.233176479831615
-9.154475048215858
-9.267527437265205
-9.330983754127331
-9.343162510663468
-9.244584462512767
-9.344824560507986
-9.389381514501297
-9.515408846364407
-9.419569187116247
-9.387781705833511
-9.46580348776373
-9.504140451976285
-9.424154704404621
-9.299478482067785
-9.434877258927404
-9.520618638220675
-9.398321023275903
-9.47726263199141
-9.502975191341184
-9.493826914570324
-9.4955930533744
-9.41531577762278
-9.495549585864802
-9.324362500171492
-9.422168011894033
-9.411895412916001
-9.365135540819471
-9.400275173429304
-9.418093184942293
-9.410096034503844
-9.31999941355362
----------------------------------------------------------------------------------------------------
24
----------------------------------------------------------------------------------------------------
-48.47189135025269
-20.383845538646078
-11.544572577089955
-7.757657086470622
-5.534172554850162
-4.300065365374448
-3.4533123802319103
-2.796053697562325
-2.4298484592661325
-2.2063012772331287
-2.1043753929111677
-2.093544662639041
-2.1510290078379666
-2.272258851308271
-2.3859720073208246
-2.5382094671413586
-2.6315814981682606
-2.8258937970745954
-2.9312863579455635
-3.1623497326975034
-3.358899510676084
-3.50971846941911
-3.6440775706389483
-3.7582909944332066
-3.9231100663046803
-4.008820441529522
-4.1714101265081105
-4.285831934287343
-4.36190501988639
-4.405478860218807
-4.4913178861014575
-4.521228226814562
-4.646005976546809
-4.670897367255751
-4.75093010928991
-4.697245222106775
-4.655020750260933
-4.7900852967723555
-4.770982323997017
-4.706852836963591
-4.790248712654866
-4.743493837715005
-4.791037120254931
-4.755926705742893
-4.828547163606148
-4.860192851295017
-4.820057934006482
-4.9242344594359
-4.909160338091516
-4.850949368210907
-4.99040760597715
-5.069147620783161
-4.9933934372819575
-5.034725362022339
-5.0665137648757845
-5.079840657005929
-4.964078759482317
-5.014485630704754
-5.135174522182052
-5.1571235285500805
-5.201295209063524
-5.070938259499109
-5.100964612461741
-5.141997235510821
-5.256985656991059
-5.185532989899491
-5.142762667511789
-5.086672289243829
-5.109465529704753
-5.117291356381507
-5.180260905621391
-5.0253736112777005
-5.06667230763906
-5.06412982341958
-5.004660962389398
-5.135374922271896
-5.1607957096679975
-5.031309419558782
-5.056493229535841
-4.937759353829104
-4.987299734383016
-4.971258705274181
-4.9282998813848
-4.904017571770133
-4.876216861111454
-4.91061044836312
-4.86844168101865
-4.754039625422725
-4.71088201002504
-4.617258031650295
-4.681671934944399
-4.711835598516454
-4.702041479776319
-4.662686428249925
-4.667111602422084
-4.635332415839623
-4.5597880346266395
-4.572282987218843
-4.589810704668871
-4.596457558855414
----------------------------------------------------------------------------------------------------
27
----------------------------------------------------------------------------------------------------
-21.69446542859811
-12.141243018385032
-7.770211713887252
-5.212126899437906
-3.8396343051949415
-3.195489997429633
-3.0556356202864823
-3.0371867142809235
-3.2329199047114834
-3.5585706460527344
-3.861750322515793
-4.176991222030548
-4.541467075944452
-4.8937974734773535
-5.129897708011754
-5.397314094260874
-5.495866296039215
-5.846637990781585
-5.932796106080568
-6.257576684713821
-6.518064635135895
-6.499706368304588
-6.642301535848922
-6.676767816844572
-6.98421337762956
-7.070046188663226
-7.196897878948711
-7.315402321223259
-7.4139825900088985
-7.584752036447607
-7.640139667550758
-7.681653534051432
-7.744205693699163
-7.946177093736963
-8.1365439758105
-8.046291478952904
-8.04563433616688
-8.214169879260563
-8.152816217575934
-8.046761392544436
-8.178837610015218
-8.415941762600388
-8.51414170914584
-8.580669092897061
-8.527231287412187
-8.523506422399322
-8.593573564883505
-8.661597408054492
-8.69038317635147
-8.513228546446811
-8.349559271438473
-8.349745042459059
-8.603998447760965
-8.960293955624794
-8.842153961912285
-8.54607852274925
-8.387602602807615
-8.385888639677294
-8.649673404568333
-8.971430703137472
-9.311539388954118
-9.116163391822974
-8.884594811986023
-8.69723801268482
-8.683395294757638
-8.962992033581541
-9.197030942058461
-9.259658644241373
-9.09585007303502
-8.875934345780985
-8.694558947224971
-8.669155057501184
-8.903219466885917
-9.164231403443818
-9.34042338589688
-9.468762687464741
-9.295465657849382
-9.112094085148067
-8.916196013961045
-8.873228607443773
-9.08202298997298
-9.319260519586313
-9.520140433285128
-9.372194924307518
-9.190828351852456
-8.996922324460233
-8.955383861348173
-9.164171038752688
-9.401181749473304
-9.598362502160011
-9.452382381178893
-9.274441941921863
-9.083750428105278
-9.051004780609686
-9.270268628587168
-9.49427580900497
-9.695362294580717
-9.55425828557061
-9.379132061657119
-9.190939592045776
----------------------------------------------------------------------------------------------------
29
----------------------------------------------------------------------------------------------------
-26.599885712143514
-0.5062123138519063
0.45078150963599434
0.13766837969884954
-0.2067852109519966
-0.6066551420910107
-1.0521068175844717
-1.428895631529882
-1.7790321227925792
-2.2047969499207567
-2.554222362361882
-2.822365376580812
-3.1132177848946077
-3.402322508485747
-3.5026958913398984
-3.69135948918266
-3.917740192892346
-4.038838906145704
-4.061979146152837
-4.223800430721196
-4.244104293875937
-4.339026580251356
-4.501230574302464
-4.566944540133865
-4.575377019727757
-4.607843699372331
-4.787673397485584
-4.874639152525573
-4.889115196045101
-4.88950019939865
-5.002766074347163
-5.1132908262092
-5.115897017642707
-5.160204489672417
-5.164982837579339
-5.188496057082351
-5.34216106923104
-5.559893026268013
-5.529120213914464
-5.550648859845612
-5.523418873308021
-5.525610089652902
-5.532994860468498
-5.689182747880072
-5.7944323546301195
-5.706804887435764
-5.752327659655092
-5.7592760298873396
-5.766997012846755
-5.748728216470571
-5.843346665883988
-5.944873275226159
-6.006228548237605
-6.055424446317886
-5.985083130746608
-5.928314849778472
-5.881386552742334
-5.891822082552248
-5.892614518605435
-5.969712614418821
-6.03337748800957
-6.217084454699045
-6.277123987971531
-6.37540131772818
-6.327610898975415
-6.214922421808712
-6.158672363941494
-6.113045117950939
-6.070899945435101
-6.03205480390327
-5.9963399755207405
-6.116245091597837
-6.31936299911232
-6.34476695662395
-6.5124921607678345
-6.532982802973992
-6.6426360507694575
-6.6027424949755265
-6.475116900084812
-6.398496219535378
-6.338135858983115
-6.290151651029883
-6.246953561957282
-6.142854907605826
-6.217275420308934
-6.404173154554725
-6.567679271180635
-6.720828962090325
-6.8472171754200675
-6.799671326672578
-6.7149114562403485
-6.67045950228605
-6.631713223942301
-6.587232510227281
-6.508858105297728
-6.448359721383877
-6.337680666626836
-6.332622982864309
-6.409856154427339
-6.603582416992198
----------------------------------------------------------------------------------------------------
27
----------------------------------------------------------------------------------------------------
-44.91641589713956
-37.92609072026697
-34.50686733993775
-31.09476120612087
-27.572684461407693
-25.139642402804927
-22.493842236474844
-20.64176018414306
-18.615000385417808
-17.41567948130663
-15.958465411450131
-14.791428886937513
-13.376005475005751
-12.554632849016627
-11.742935803192413
-11.005723657463813
-10.310016780103151
-9.711514195490418
-9.287337883012754
-8.855031125288004
-8.504261561014744
-8.180026042268464
-7.87667793475197
-7.594323129605117
-7.392406461024763
-7.211769137473281
-6.9989643693437875
-6.84727211378223
-6.681086822606119
-6.522167692852312
-6.412233778017244
-6.354604393306555
-6.255718780633353
-6.208201406830708
-6.145012194974615
-6.122141784579265
-6.058616768378226
-6.035481311034764
-5.997518093200492
-5.972700620662151
-5.953987972718185
-5.850799008014253
-5.863944510052254
-5.898644496929416
-5.845726719791644
-5.826586970749104
-5.817358711373176
-5.7859037960539315
-5.749951723014392
-5.7537962403330365
-5.699795984554804
-5.711018628514313
-5.721732079429635
-5.722107663187185
-5.684883295340351
-5.6292655335004165
-5.62781896277605
-5.66540316326776
-5.637121116498671
-5.59515179506712
-5.539375931454152
-5.56637784387493
-5.6073066061036885
-5.558641163615416
-5.5582821318286735
-5.598758887432756
-5.570855415970734
-5.560487315869101
-5.517829787128517
-5.540884299137375
-5.5797134928736964
-5.524004775534686
-5.518163965890199
-5.554829028356688
-5.522227955461872
-5.508608205010232
-5.4633287476159325
-5.48468118630692
-5.529245701083093
-5.571556031050576
-5.513234610649743
-5.5003750785503565
-5.52896946252129
-5.488816235514438
-5.470140119571242
-5.507253168312788
-5.454862267378348
-5.470300103646339
-5.510403295003949
-5.54094401543761
-5.464633457838053
-5.443771958355707
-5.527819429902849
-5.469129558313616
-5.398181547564961
-5.32818111890366
-5.3380767673061085
-5.374789832015995
-5.3135101508252855
-5.324398669815161
----------------------------------------------------------------------------------------------------
26
----------------------------------------------------------------------------------------------------
-93.3395524392925
-29.416747959883644
-10.084812097809253
-4.609800687385441
-3.2584356081649233
-2.7525358198850807
-2.3383731587713763
-2.100713177073974
-1.9768658404466215
-2.0095287157383344
-2.0816066085527765
-2.114586560255821
-2.270681929615354
-2.4242677647182624
-2.4851007207330666
-2.6835964863513686
-2.849835437266929
-2.8943200664104207
-2.9932807057541044
-3.2148932849295586
-3.3120540627067823
-3.35946227683503
-3.464354315329229
-3.6172767562946953
-3.7564784249207643
-3.78777404100673
-3.928722424785417
-4.083928400086071
-4.325073888077731
-4.346371700798947
-4.440464247900393
-4.580018285993355
-4.668655136723379
-4.894532751595804
-4.9018968784607075
-5.0027351310676265
-5.0070681957112715
-5.163848571139504
-5.432055158819692
-5.721016642795483
-5.815943927354386
-5.723401712427236
-5.826895056184725
-5.947718766766805
-6.179027671628074
-6.301825495437335
-6.4597965001050595
-6.496714724294196
-6.528113241881064
-6.674056051808993
-6.898260094029003
-7.073703577631244
-7.178576322608679
-7.286454751788037
-7.297260442085701
-7.361742362461436
-7.472511198431006
-7.593559008787349
-7.7529246380071895
-7.947494444287229
-8.022739461385818
-7.989563669850035
-7.925976314302277
-7.966500811609947
-8.09034771737652
-8.21614430446073
-8.402311246355664
-8.406409031246236
-8.417382434320634
-8.335171089930551
-8.350700476492674
-8.385807608571863
-8.42973850363916
-8.45767572399123
-8.540385905109963
-8.587832791944468
-8.778959538689538
-8.729792950777114
-8.889558457182009
-8.97167532910564
-8.881440429462298
-8.887745115459227
-9.01174826089957
-8.963619355966388
-8.820184498324075
-8.821089891237243
-8.836799519829533
-8.897073718252349
-8.876249505029692
-8.84783556167299
-8.92557026398529
-8.87979986975577
-8.981861813528749
-9.120525279009275
-9.102155562778165
-9.129106691941379
-9.049787116910752
-8.969075802592647
-9.079250557558012
-9.085185592552753
----------------------------------------------------------------------------------------------------
28
----------------------------------------------------------------------------------------------------
-92.99742682725196
-29.2619837460866
-10.625580263901057
-4.456654310082185
-2.086740131625231
-1.2395870878854924
-1.1223089876062078
-1.3277934811135736
-1.4560309296136298
-1.8462247183582297
-2.2258694698715917
-2.61227828261577
-3.089402531486854
-3.4650427512298103
-3.7145618271595042
-3.990583742792424
-4.1521975678022
-4.304540142657024
-4.811541573857729
-4.93121390743508
-5.112735878750742
-5.417318076198791
-5.386042783706299
-5.737324481240192
-5.733216527760835
-6.086185296011337
-6.070373867502292
-6.402159088223924
-6.2932131418473904
-6.508790831176994
-6.4153199959978044
-6.865934155800042
-6.748745196304724
-7.079879541567022
-7.092231987783905
-7.3572743666423985
-7.3646270614651606
-7.61667259985619
-7.541608351925199
-7.640674012653618
-7.939021946075738
-7.803146226307932
-8.09859584942001
-7.917628320277178
-8.012451465952479
-8.217157796604145
-8.020771661829432
-8.14125115234535
-8.410264718854487
-8.273434350207939
-8.335068032881153
-8.31959927500001
-8.175664237157514
-8.365284449450934
-8.329809133111617
-8.269568540523816
-8.521746380835541
-8.533478158431796
-8.388463003400265
-8.6563990220313
-8.468933165875864
-8.394414518988818
-8.664168016270196
-8.555727328871393
-8.431697234908972
-8.595137088886759
-8.833543220873889
-8.477871234950173
-8.290151585811557
-8.602074994520793
-8.76885102239128
-8.336583524352033
-8.254782723533152
-8.469569919555573
-8.577435065345687
-8.485225842286846
-8.230548693838998
-8.276516073682552
-8.570232622198246
-8.498397284120646
-8.383198024221022
-8.30102267344405
-8.313632234849488
-8.560116127376107
-8.74010206949736
-8.373054703705769
-8.147710905477798
-8.31520721536046
-8.336510833193435
-8.46205963572832
-8.605068833964202
-8.218956095655585
-8.071631346528552
-8.044418419430796
-8.200262763689883
-8.381449130882688
-8.019041180184557
-8.058701776680934
-7.9653322666457855
-8.103378951583492
----------------------------------------------------------------------------------------------------
30
----------------------------------------------------------------------------------------------------
-72.77451846318104
-38.57695743143098
-21.925848302630687
-14.146998602643754
-10.030441631363386
-7.3575702166006005
-5.683992722434893
-4.551663212553623
-3.8753559302190927
-3.542181650158541
-3.352799954820853
-3.2358674446395375
-3.1587794398035087
-3.078187120690524
-3.052451659935778
-3.0835248886897526
-3.214157323636455
-3.284127493128389
-3.302696351755121
-3.26776221392508
-3.3481018092040586
-3.420721537800491
-3.4521255311203785
-3.4744712303423775
-3.592642834666214
-3.6238762369972135
-3.6689467819224206
-3.7330218267902557
-3.7799589535399054
-3.8189163679634897
-3.828840411382219
-3.9619274281990493
-3.9834274912029377
-3.9431311301980703
-4.039854590316834
-4.091683139038138
-4.130682683777711
-4.138158962673992
-4.215019131094292
-4.212700811294348
-4.271786514671472
-4.210973899003704
-4.2033068156477595
-4.262960185423795
-4.320324388969458
-4.361335484807514
-4.343585728705139
-4.312573920357895
-4.389609229072394
-4.449371784273944
-4.4529072289002976
-4.368266180608368
-4.400985841182406
-4.3656958899849965
-4.441692680249738
-4.543126468131711
-4.519913210941658
-4.51563251315527
-4.395696587979046
-4.414018474050805
-4.415535871919189
-4.429767959627628
-4.47246464177272
-4.4651206936190855
-4.341036765075042
-4.3390490974529605
-4.316460315871553
-4.282920227292539
-4.263861607698032
-4.226220761646566
-4.319968435555455
-4.281852039952253
-4.271695837077401
-4.247044940502211
-4.204129202462072
-4.153314563035295
-4.105831928017675
-4.119504678272234
-4.125923167808301
-4.127454701180396
-4.121778247386427
-4.032953166760606
-4.098476201385346
-4.1153113183793
-4.085057409771276
-4.063796482171966
-4.0139232141595755
-3.9551909857224428
-3.89852554311599
-3.831249117190415
-3.87906799598066
-3.88492525479396
-3.9150941454456913
-3.8707357574142285
-3.875198496276174
-3.9047663056949333
-3.8993188254501265
-3.9194382789562034
-3.8652648249904162
-3.86164913985135
----------------------------------------------------------------------------------------------------
29
----------------------------------------------------------------------------------------------------
-30.55124343430116
-15.114693773398642
-10.21145167717575
-7.709757169930161
-6.456917418467835
-5.734116236226415
-5.32430397834422
-5.01772843092665
-4.749683555197581
-4.512917586804217
-4.3205762525695635
-4.182653222561113
-4.060627817124337
-3.9341758585387727
-3.794676035916811
-3.777862934483175
-3.7143577303994997
-3.683670221306732
-3.6713932383009436
-3.663848543895486
-3.673686696199768
-3.6543306937541864
-3.6324690100560932
-3.6686763325497385
-3.6729922916083293
-3.7045724531301647
-3.6643320957039696
-3.626991091601967
-3.7273942057430753
-3.7548763823874083
-3.8605587700671093
-3.878481416810343
-3.842544107238896
-3.957618259542539
-3.9957901184486184
-4.040448967562039
-4.013764793793941
-3.98827239310393
-4.010296323806545
-4.038647549255113
-4.181575018160604
-4.249681893723383
-4.266531193413329
-4.1959259427288345
-4.188192985510263
-4.219291906792985
-4.306649192330205
-4.419362449215916
-4.395216919853754
-4.382300067538205
-4.401705398861216
-4.401804185802019
-4.505969212567582
-4.610604526910794
-4.610369345257086
-4.529294803060841
-4.508069927663078
-4.512097532988412
-4.577790295168647
-4.64595715980217
-4.704209232930676
-4.639867482157935
-4.655775958417878
-4.694562979969471
-4.727403290917183
-4.721337184418897
-4.787991925980008
-4.878905104192314
-4.881815452369543
-4.884064676448111
-4.908499268228027
-4.94002447179027
-4.963150985887155
-4.9879500187211105
-5.04252460214108
-5.089411634032294
-5.131681806426678
-5.099353377340997
-5.143844806032247
-5.184990947014291
-5.201013155738067
-5.204978193353409
-5.254205924805748
-5.291906258948681
-5.318274733377699
-5.34363966661129
-5.373917885156669
-5.401025049436146
-5.401699787818512
-5.435711215023305
-5.47072320720542
-5.442472877238642
-5.595543435852071
-5.5612241148452695
-5.5211758888662965
-5.542872074852988
-5.550556609290913
-5.593411692309509
-5.60944588167249
-5.546533620331566
----------------------------------------------------------------------------------------------------
30
----------------------------------------------------------------------------------------------------
-21.379521975089297
-9.652680174626136
-5.172120059738821
-3.536821435831706
-2.8728545798709213
-2.4280619736610842
-2.162321577849017
-2.0497228919259043
-2.104205695345458
-2.1864025271435246
-2.273918063425665
-2.4170457447530103
-2.4556654060756125
-2.5180171110895335
-2.616016999448934
-2.711793298066954
-2.7334141852410436
-2.7983681031867826
-2.904662885075001
-3.062955291610976
-3.1063275583242507
-3.1201518590112585
-3.115837229760749
-3.115837229760749
-3.115837229760749
-3.115837229760749
-3.115837229760749
-3.115837229760749
-3.115837229760749
-3.115837229760749
-3.115837229760749
-3.115837229760749
-3.115837229760749
-3.115837229760749
-3.115837229760749
-3.115837229760749
-3.115837229760749
-3.115837229760749
-3.115837229760749
-3.115837229760749
-3.115837229760749
-3.115837229760749
-3.115837229760749
-3.115837229760749
-3.115837229760749
-3.115837229760749
-3.115837229760749
-3.115837229760749
-3.115837229760749
-3.115837229760749
-3.115837229760749
-3.115837229760749
-3.115837229760749
-3.115837229760749
-3.115837229760749
-3.115837229760749
-3.115837229760749
-3.115837229760749
-3.115837229760749
-3.115837229760749
-3.115837229760749
-3.115837229760749
-3.115837229760749
-3.115837229760749
-3.115837229760749
-3.115837229760749
-3.115837229760749
-3.115837229760749
-3.115837229760749
-3.115837229760749
-3.115837229760749
-3.115837229760749
-3.115837229760749
-3.115837229760749
-3.115837229760749
-3.115837229760749
-3.115837229760749
-3.115837229760749
-3.115837229760749
-3.115837229760749
-3.115837229760749
-3.115837229760749
-3.115837229760749
-3.115837229760749
-3.115837229760749
-3.115837229760749
-3.115837229760749
-3.115837229760749
-3.115837229760749
-3.115837229760749
-3.115837229760749
-3.115837229760749
-3.115837229760749
-3.115837229760749
-3.115837229760749
-3.115837229760749
-3.115837229760749
-3.115837229760749
-3.115837229760749
-3.115837229760749
----------------------------------------------------------------------------------------------------
27
----------------------------------------------------------------------------------------------------
-24.040316795949852
-7.962843996082892
-3.053280764955761
-1.5837656582663595
-1.451495739006773
-1.7346866132523886
-2.3344704950096813
-2.9455526676412043
-3.541942210827557
-4.0845151280551395
-4.626212998591552
-4.87670313022076
-5.222329086931546
-5.403619951897834
-5.582707254512248
-5.717275380724835
-5.63703937002466
-5.8801900358200125
-5.898547435453577
-6.0715311106242495
-6.1493994648172405
-6.267057283422922
-6.31912647998342
-6.364966388876171
-6.396375448180691
-6.518825931616986
-6.56085149054775
-6.545817775615597
-6.599815811970346
-6.609180234659855
-6.624198189121721
-6.613260461079445
-6.610243761317191
-6.57779749134379
-6.63333687331294
-6.652743408278363
-6.531318660479979
-6.488406971372925
-6.547549007778836
-6.425228573159527
-6.4507993896746045
-6.546315537075395
-6.483543002550595
-6.512742776856111
-6.398659349683948
-6.373604238980941
-6.408885943472365
-6.506695694697604
-6.364249039938187
-6.36754388156935
-6.383605750920578
-6.326317287146285
-6.30748340542239
-6.342161935027377
-6.432481605576994
-6.396866607342021
-6.458007450654557
-6.417894007148866
-6.1835811582422195
-6.123553647771675
-6.176031445563489
-6.28552906236336
-6.2655451824594985
-6.3428528009760035
-6.46166556931314
-6.305662135232121
-6.227744068129799
-6.2572932498341
-6.33584861387533
-6.292580834850497
-6.253937335146045
-6.325564103273936
-6.370846793023158
-6.281115059141358
-6.167726905298134
-6.3265188730359405
-6.51675230710519
-6.487353183906949
-6.477063427342367
-6.479013970271031
-6.384846642682537
-6.357055382556129
-6.412757168021441
-6.334449790817736
-6.205026622454988
-6.356753990910192
-6.530288626056642
-6.470556115726269
-6.426860110931014
-6.404356688636224
-6.289170008237065
-6.23768330369098
-6.196348068946794
-6.135366777546973
-6.291848418287521
-6.156105121520942
-6.3034125703561665
-6.299559829305794
-6.258642993595976
-6.409678158287766
----------------------------------------------------------------------------------------------------
25
----------------------------------------------------------------------------------------------------
2.759028031429059
11.724073640433755
9.951285980829066
5.910027897227294
3.156673558279269
1.0165918257273816
-0.4795320467781279
-1.641841399385597
-2.53468632963491
-3.2782601101719506
-3.97764769903687
-4.540084659345629
-4.948088369267778
-5.241223977550202
-5.514830241237177
-5.7873350496105544
-5.971204438980358
-6.122227360383134
-6.1616551898000065
-6.366493698782112
-6.401569114339895
-6.435982083039627
-6.601888684108656
-6.662769114945718
-6.657061129010603
-6.722072762900606
-6.81917810047364
-6.767267254339228
-6.73673794058206
-6.81170311113539
-6.897320887698403
-6.828013455153821
-6.672320871398849
-6.587350551059301
-6.69892150872697
-6.686620419316646
-6.685347386125953
-6.610617052968654
-6.581456444062932
-6.552739125527271
-6.573506822088544
-6.738552092330971
-6.964105875358399
-6.800466067299908
-6.648979387888271
-6.768706988335166
-6.882851332339062
-7.037747840870171
-6.829176675075968
-6.8597576946841485
-6.880441768875577
-6.928496361505792
-7.032573765056432
-7.017916249579876
-6.728606291802018
-6.7336763198406455
-6.728039186397662
-6.782654146780702
-6.857804270667947
-6.853380554200016
-6.795276298876717
-6.732983580089483
-6.671618262871549
-6.678491770453125
-6.724740085897256
-6.700521010116029
-6.621299137864532
-6.5120135827345225
-6.458631841833242
-6.472740223376566
-6.525311906548756
-6.502503208391826
-6.445878253407951
-6.445645165153383
-6.535019674266223
-6.447296718966779
-6.394188885517363
-6.4716955807882695
-6.486560245031407
-6.398455212052466
-6.461967982802966
-6.3225616726302025
-6.238977496563737
-6.1939097235494955
-6.249438320025449
-6.318932298012919
-6.476529850137948
-6.417163236026819
-6.447636220563952
-6.311703410218972
-6.310441268566839
-6.137194365257729
-6.024375425099661
-6.100658742061641
-6.287755601577735
-6.256137490975129
-6.217111780892996
-6.050810306541972
-6.070678051538335
-5.931076313229354
----------------------------------------------------------------------------------------------------
29
----------------------------------------------------------------------------------------------------
-76.63884440200454
-51.85596793926866
-40.78209116464903
-32.13543035319816
-26.22133203045975
-21.93888199403217
-18.884727190898012
-16.25661066975258
-14.010450660304778
-12.392508495853116
-11.04078355886111
-10.089172381388018
-9.383206759012438
-8.71246813550759
-8.172970667661051
-7.712410115901487
-7.430023693882956
-7.08612053974004
-6.8661889869540405
-6.546573216121009
-6.384448661354993
-6.244376269024688
-6.042581132313581
-5.956082838283548
-5.845476950673771
-5.810316240609993
-5.703421072680993
-5.7230229952200355
-5.654071982974988
-5.531298521273739
-5.563852019696135
-5.59077190025843
-5.582055397024564
-5.60696187947818
-5.53604157257718
-5.480928713287079
-5.527916796060304
-5.617946730955884
-5.700147866507106
-5.718936890658621
-5.692833584781672
-5.642098192060793
-5.604088259398467
-5.627037481652332
-5.6613364099241155
-5.6334031741170945
-5.624413503722149
-5.847949933989527
-5.957839418815971
-6.01995631464579
-5.928604068053971
-5.9326997073292524
-6.020451074009914
-6.24296623279686
-6.394210011502793
-6.43056410370582
-6.382776642630908
-6.302014038490282
-6.326565121874896
-6.460525602601341
-6.614718405383231
-6.735856519034531
-6.824286031545638
-6.691298354768861
-6.69768862119155
-6.66930271263061
-6.673743610644934
-6.795494479208384
-6.9380805604647655
-7.0199326569507
-7.156036586879461
-7.158617265142155
-7.146212459038699
-7.043976759117243
-7.046826757379754
-7.013040188323732
-7.008192301679849
-7.119443762168005
-7.250784369206999
-7.322655477539876
-7.410386587209586
-7.312104499467917
-7.312431586108608
-7.275889966238243
-7.266052923646278
-7.406951124545162
-7.557807194313434
-7.659575892393643
-7.700991571850495
-7.688258317964139
-7.576305300166592
-7.55638662713205
-7.688670821965947
-7.827850623582486
-7.915995205105782
-7.946448562433796
-7.925829920943186
-7.915055012015088
-7.864514527469446
-7.831234044517849
----------------------------------------------------------------------------------------------------
27
----------------------------------------------------------------------------------------------------
-27.213590198381137
-12.124238713395755
-8.72022802737142
-7.500377663289869
-6.422956640109754
-5.682494797650822
-5.2241345684515
-4.793165112784054
-4.444696614173484
-4.245664242960418
-4.169546370385797
-4.139297221454227
-4.150235811561218
-4.2373924039212065
-4.373738159330199
-4.464655520968067
-4.652967536700633
-4.82383911395762
-4.970250506642977
-5.1203932906617835
-5.356153074080199
-5.5285260876481805
-5.655540469297005
-5.857730167204224
-6.004149303024957
-6.107727834737535
-6.224607568839487
-6.438903449284548
-6.609470203436255
-6.600941187531262
-6.718589950374822
-6.855902054176527
-7.059816387924681
-7.1061473741201695
-7.073306693221435
-7.1473653053680755
-7.301855650377882
-7.4147480536556785
-7.6002626908795
-7.584345164251379
-7.492125816516664
-7.556780433219641
-7.645726866165615
-7.829055272106484
-7.863724987914282
-7.83138926174717
-7.660643654943415
-7.658511041348836
-7.747027812016973
-7.816942874992868
-7.987367219879961
-8.011907527188276
-7.93570272077974
-7.864037229487419
-7.7919692888928465
-7.756594288824171
-7.819388739869878
-7.8429405475866885
-7.826461003629725
-7.879404607898879
-7.932403934145373
-8.028825688070942
-7.9693706022585635
-7.914948695431427
-7.770390766757999
-7.738015305675365
-7.767996503126222
-7.716460343336497
-7.751720945920552
-7.75746807205592
-7.698658148442603
-7.736390857970415
-7.737825694346353
-7.717173415937267
-7.766821179917497
-7.862727652884423
-7.869780723715063
-7.816441783541123
-7.741518240401085
-7.641017817979094
-7.592461264290337
-7.604842370938032
-7.52343780160009
-7.487754015760291
-7.554559245181867
-7.524184939602463
-7.541115904888009
-7.52894729645384
-7.544589621960662
-7.5264495433746275
-7.549980127587186
-7.555900123967332
-7.509822143587498
-7.566707155974285
-7.594484154757141
-7.5911368967799655
-7.617543363953858
-7.586679315630417
-7.5156907071654775
-7.500656013424071
----------------------------------------------------------------------------------------------------
30
----------------------------------------------------------------------------------------------------
-43.70309727149045
-22.1921397268157
-12.411056176966746
-8.168901542839999
-6.160382615522173
-5.3374277103840475
-4.854102026831031
-4.595931955948384
-4.518848119635131
-4.502131378644467
-4.489602490819255
-4.5067405946620065
-4.512669424984063
-4.5217650900026625
-4.491122243236406
-4.535706123773009
-4.548824580224629
-4.564112136326615
-4.5531170037525985
-4.560837376817109
-4.5911838186403005
-4.591614570932852
-4.597083780121151
-4.628587039396345
-4.618496936757615
-4.578845533996839
-4.648209780074548
-4.609379860003834
-4.580315473316862
-4.64441157197488
-4.626579740780718
-4.589605341975384
-4.720865752418628
-4.655970146775824
-4.5678428054781275
-4.701785341565005
-4.63707284779142
-4.550216966507879
-4.525379504991538
-4.683832900924818
-4.606885083809325
-4.506160680420546
-4.545862964496236
-4.662393240413845
-4.6246529046302145
-4.553657664130554
-4.424955994077995
-4.376287489034739
-4.450187660902964
-4.5752382078250715
-4.553207595428782
-4.487421308904197
-4.4350708783262105
-4.3427104924698305
-4.286458194649613
-4.339122304614454
-4.380415225637455
-4.39140321519628
-4.499073413059088
-4.473251514462649
-4.390083796055186
-4.217010864823095
-4.167729986113952
-4.204011653319081
-4.195580076090362
-4.179591115585202
-4.297799385976495
-4.275792440219488
-4.193717840424828
-4.099767505702884
-3.983768399267389
-4.007471623840387
-3.9544479662704717
-3.9734124611652346
-3.913069657734808
-3.8349596083170723
-3.859458937960694
-3.8069185017148253
-3.8656093254583643
-3.809092175879101
-3.782796272975455
-3.9267126620583466
-3.9467453710284057
-3.7840164760296586
-3.6531853410464534
-3.624552652135134
-3.564312427762522
-3.580162803210873
-3.516531698132529
-3.5305819544449086
-3.464416177109756
-3.457015130780118
-3.4347266761650235
-3.37809399552383
-3.3965528704706367
-3.3371597987974835
-3.354005779284401
-3.292600473385093
-3.3478778426873967
-3.303557149056649
----------------------------------------------------------------------------------------------------
27
----------------------------------------------------------------------------------------------------
-44.58449118325826
-21.6955717824156
-12.509596994035647
-8.27918043646112
-6.431476185342873
-5.6180901939543775
-5.336887794900292
-5.190238335133935
-5.095678018086224
-5.140551640619672
-5.284650463188046
-5.398560380508355
-5.44142853303267
-5.482431373360689
-5.585754639844858
-5.687862359936675
-5.744364291749959
-5.77280853214044
-5.788432362488349
-5.8596454194854255
-5.994367246135428
-6.04826597444014
-6.247448927745129
-6.228399842759014
-6.29809120184829
-6.442075205405058
-6.526717047418173
-6.59386696170656
-6.708488540322665
-6.752228781496833
-6.789526231984505
-6.913744978342377
-6.901057877603584
-6.9136389350645855
-6.989603652200441
-7.111186671112784
-7.093720499278917
-7.103236355898851
-7.175583961443889
-7.294485016988638
-7.326366097498082
-7.280574920256728
-7.330524899293989
-7.371050988360104
-7.360186554908305
-7.3909705203972615
-7.440232078292981
-7.48139437779396
-7.472027626129743
-7.53689452360672
-7.59432832690004
-7.65474401020475
-7.66623559449472
-7.585235281056731
-7.6335750025241795
-7.627309460815185
-7.721834116599947
-7.756276685565861
-7.792983809766114
-7.781110674220389
-7.755174491879346
-7.848635372126693
-7.871837378853788
-7.963028273538773
-7.961156777439414
-7.946663459662648
-7.987918952547236
-7.92543419026758
-7.953420167619545
-7.974355356991737
-8.06474045485009
-8.062310945084883
-8.107708817845268
-8.117790353147317
-8.076520877892037
-8.052317765808995
-8.052317765808995
-8.052317765808995
-8.052317765808995
-8.052317765808995
-8.052317765808995
-8.052317765808995
-8.052317765808995
-8.052317765808995
-8.052317765808995
-8.052317765808995
-8.052317765808995
-8.052317765808995
-8.052317765808995
-8.052317765808995
-8.052317765808995
-8.052317765808995
-8.052317765808995
-8.052317765808995
-8.052317765808995
-8.052317765808995
-8.052317765808995
-8.052317765808995
-8.052317765808995
-8.052317765808995
----------------------------------------------------------------------------------------------------
29
----------------------------------------------------------------------------------------------------
-62.773884200374184
-21.79314477532643
-9.816047358312918
-5.241819094960707
-3.8165087480091584
-3.45166706783527
-3.5906602447724407
-3.958196729381768
-4.381228399345918
-4.840548477568442
-5.275410025806785
-5.684571221858441
-5.8946720322320205
-6.129851256382741
-6.3377567997195685
-6.520477570467571
-6.769478154751426
-6.7012782563769155
-6.757626826233226
-6.800666483236402
-6.853259647940397
-6.881697661121104
-7.001236800385101
-6.998453228869891
-7.010082256041271
-7.081727722631108
-7.118259836932506
-7.09609313517402
-7.0053141525112
-7.006258890936245
-6.929734305587179
-6.853522320561356
-6.788231261962133
-6.891030586041535
-6.7994038524863525
-6.875995086491379
-6.695973439954075
-6.695476152057825
-6.5380955299508425
-6.494612640515131
-6.6009455053656465
-6.602690133334564
-6.583857044052273
-6.479778508750137
-6.266807920116201
-6.33200031262747
-6.377515018328163
-6.433579718278461
-6.439116676192062
-6.308139464231259
-6.343888369240313
-6.398817022037509
-6.103432400067704
-6.246916429630671
-6.206330979625115
-6.005484464973307
-6.067515197832331
-5.957332465381549
-5.810481907380713
-5.713254651342979
-5.863297282883333
-5.903606264758782
-5.732011706336496
-5.607736889422033
-5.739771825519875
-5.7429666742364995
-5.302764628698255
-5.220025203986759
-5.412644445674711
-5.499740579346379
-5.454256379758767
-5.274243916740734
-5.279429537246878
-5.343883536174306
-5.320147607726304
-5.05672008664525
-5.017704442430792
-5.192989684588338
-5.214893494742609
-5.056878893975594
-4.860320965413565
-4.841115830892539
-4.871480263926941
-4.964661213769643
-4.748329774500803
-4.743297392858548
-4.653081638669299
-4.705085943305532
-4.750195844146347
-4.585774008159142
-4.406320174879747
-4.422109528743378
-4.57064605475257
-4.680893854715593
-4.577329430541999
-4.4154279559556
-4.281931794324423
-4.352263840052274
-4.5112461425375425
-4.391427709230967
----------------------------------------------------------------------------------------------------
30
----------------------------------------------------------------------------------------------------
-48.25121870058226
-37.2162683116846
-30.93745437908541
-25.553438382544464
-21.38810552458711
-18.56842510577254
-15.805745915508965
-13.719861298441845
-12.101765302903855
-10.792248071397035
-9.738258589837507
-8.965871251723922
-8.206526765738126
-7.622415179092263
-7.113936408474309
-6.815632611152488
-6.577695877657728
-6.317407433021978
-6.243273472978478
-6.065446132835026
-6.0048208223189485
-6.0061746823607365
-5.979029847088753
-5.90883569133142
-5.905561888912405
-5.965090600885765
-5.981211886847522
-6.01902689890909
-5.983239302217081
-6.018804094639118
-6.126034816265878
-6.195471160224842
-6.24686125067665
-6.33154300695372
-6.432626602915935
-6.5379761944468004
-6.579405748383657
-6.691052525263313
-6.784347673048974
-6.8556087037717015
-6.871227398455449
-7.014738334681692
-7.081958900745978
-7.095198922991241
-7.230124161644331
-7.34859292789456
-7.279693251380595
-7.4501406868065825
-7.480264761432885
-7.602707159642889
-7.534174403048131
-7.727959665525481
-7.790741015310531
-7.901508768504578
-7.9022083801279654
-8.071451903300504
-8.111282019740196
-8.064432810174212
-8.093684976167044
-8.241184653946325
-8.401556721214645
-8.397169238936911
-8.322176217831405
-8.486597203979203
-8.591029053078515
-8.622997145485614
-8.521533199117442
-8.626605656479379
-8.756616332316362
-8.879335702938219
-8.757655064392512
-8.735467960063037
-8.832441219445085
-8.938829112150227
-8.85963056453948
-8.83891582105138
-8.810666250617528
-8.902037207988423
-9.001983478183462
-9.023121068582434
-9.079942590463085
-9.095586004519472
-9.120338909332363
-9.232776795625869
-9.307956874998961
-9.142305336380005
-9.130985283792878
-9.145375483725342
-9.247802591182808
-9.25152688178605
-9.26834708812172
-9.276409331558003
-9.251026429738273
-9.269817033491913
-9.295985415719969
-9.259797752740303
-9.264445836156126
-9.333578670191079
-9.226268733312317
-9.261091926295796
----------------------------------------------------------------------------------------------------
28
----------------------------------------------------------------------------------------------------
-74.53941172540357
-27.237621194604877
-11.923293548999052
-7.219934343601708
-5.789158826438126
-5.595997157474694
-5.637615759191399
-5.848291426920051
-6.116876256559257
-6.146795364921766
-6.266603345039815
-6.325406951852255
-6.383513746470703
-6.403917970947587
-6.473603844763827
-6.504242340912835
-6.527289383365409
-6.537413921162593
-6.7002914444765
-6.542071093838845
-6.547536042055223
-6.581239953542985
-6.672807279771559
-6.6654152683165115
-6.684211218338169
-6.65841715799606
-6.592789731086679
-6.688237589141786
-6.6573306746890255
-6.6786198512622725
-6.5522653968595765
-6.540544204726427
-6.476979787092634
-6.5965555988912605
-6.587622716942757
-6.449123571345703
-6.427731948639373
-6.372360249626061
-6.323534836921116
-6.391167412476649
-6.4105198354498025
-6.299444569172163
-6.338036025299308
-6.277115269756195
-6.222775779070174
-6.249616853847642
-6.399029178507979
-6.431327523355556
-6.257270661593859
-6.259528171510347
-6.178053598574579
-6.160457555724909
-6.124732011152523
-6.138448392794648
-6.220626430596444
-6.306460594823464
-6.31282164108471
-6.2928169355736525
-6.249756267363423
-6.20400281931875
-6.0838875847899585
-6.040124492505216
-5.980048788850994
-5.941712627430945
-5.886904803961695
-5.874367507412453
-5.931430073446724
-5.94477415043792
-5.938971553551076
-5.910237324475633
-5.868628713313972
-5.891200863655399
-5.8740473067578565
-5.812814723117005
-5.73661126037898
-5.685140517878715
-5.72050427397327
-5.640140743064569
-5.584996815794776
-5.618183997855254
-5.534970245207562
-5.431437532289347
-5.480953871687463
-5.609910198122262
-5.767315661014644
-5.774837267688323
-5.661485437530169
-5.636004090399715
-5.577480341075722
-5.489241848878403
-5.388696261713797
-5.316411927205381
-5.332524129767359
-5.3403532023387354
-5.2327853639289685
-5.154125942861928
-5.166819168690315
-5.064651845635867
-4.991474698792941
-5.008461961649701
----------------------------------------------------------------------------------------------------
25
----------------------------------------------------------------------------------------------------
2.005439109257803
2.7828299418118254
1.56169089251134
0.7720100610757246
0.1781625507039052
-0.38180539147999676
-1.0214376373974785
-1.567805186995738
-2.126263721475636
-2.694163961008347
-3.1702435451776534
-3.605708036362544
-4.086676655951237
-4.682401541906034
-5.08348759091025
-5.540132427890648
-6.04375733115249
-6.251314231653431
-6.7225186925020814
-6.966500834784352
-7.386973158163309
-7.578312036734535
-7.82785426434615
-8.106594599128822
-8.22961459772063
-8.303668497019578
-8.46501538396049
-8.721766779948622
-8.831239546070153
-8.808325181319727
-8.88772633865076
-8.846207169525233
-8.666438986502346
-8.914543726479359
-8.828281865894173
-8.926939950600318
-9.110405101890592
-8.92595341008915
-9.022667699574232
-9.134009513464823
-9.002683780971584
-9.035914925551536
-9.126984848343346
-9.168153160287607
-9.03707759572035
-9.232893751092298
-9.41998011000982
-9.439654266269626
-9.313650107723666
-9.325041915208802
-9.41186537780657
-9.401339710213563
-9.630200595327429
-9.66753384039104
-9.577637944344126
-9.516290813314727
-9.634546019911667
-9.637697368186139
-9.770364935127802
-9.806449053578445
-9.610378981939855
-9.78402839661366
-9.618296636642672
-9.631705552198223
-9.666767449183755
-9.752577453326536
-9.728439469644066
-9.730739513667263
-9.679219454990877
-9.635468605300337
-9.402929186457943
-9.381514035193941
-9.438891452553374
-9.433242746348869
-9.42782052321937
-9.466559351999276
-9.408244730970905
-9.365803597166376
-9.353201321248648
-9.339128145643334
-9.336310888683041
-9.58777183777008
-9.639921951528446
-9.532560304438515
-9.455791657948359
-9.376119459506011
-9.319574456774149
-9.45452217855086
-9.381439843925564
-9.248409547254559
-9.164372030722413
-9.272971009792721
-9.211040191953119
-9.101911225627086
-9.223000244181147
-9.175202325824413
-9.31179672061622
-9.241174459898998
-9.043464865836985
-8.899994962683493
----------------------------------------------------------------------------------------------------
29
----------------------------------------------------------------------------------------------------
-16.002134658552098
-4.271175659940162
-2.094515374124931
-1.7226048840687538
-2.0265539125591276
-2.5277407989782
-2.97521498925171
-3.434042127387075
-3.7872402884516583
-4.129944669343849
-4.419471371437377
-4.720077698317728
-4.849574595385684
-5.0757088557896
-5.185625783342337
-5.321972600504997
-5.4311575057527595
-5.452166808697206
-5.596987344972765
-5.68327957896376
-5.6953210233772005
-5.60390601075833
-5.791237560017191
-5.90563670393021
-5.881731753403913
-6.054831508451921
-6.216669744433837
-6.1593168170395
-6.103315151748089
-6.136331335527317
-6.165048842661667
-6.30114516077163
-6.277070934508871
-6.4025704020473055
-6.361748691013084
-6.46835403019336
-6.415572695091498
-6.491442459101793
-6.550760865509492
-6.555678941517631
-6.628353164100716
-6.57063358686901
-6.4854174150174115
-6.583646499108772
-6.521802699584201
-6.718010071958662
-6.704808449313976
-6.708442865011685
-6.698009661287407
-6.6137295569656365
-6.689708424256491
-6.648670250171527
-6.748843098306184
-6.740559897026639
-6.71714764408539
-6.677682497425162
-6.731496957515836
-6.751047814032931
-6.819466160136625
-6.656640674755856
-6.649392201174094
-6.627138932199456
-6.570774020137852
-6.589378154031417
-6.760912410295591
-6.86143795184031
-6.677266596986159
-6.733653820216185
-6.7666400961039415
-6.710250655027892
-6.588169470341917
-6.603409898786808
-6.6213927372526795
-6.603235698590995
-6.668936336387171
-6.6589582776135074
-6.692296052043221
-6.704385177864128
-6.633535150865544
-6.50349258694172
-6.481262123263602
-6.497612592850634
-6.541626245305425
-6.527712246151189
-6.534856320529304
-6.523760176817191
-6.5188192415843895
-6.550067808099224
-6.560697488312973
-6.550855006054506
-6.420911129752641
-6.392133852174641
-6.40241639776197
-6.410399451441366
-6.416151126896688
-6.300185198846944
-6.424069980892573
-6.491653669355742
-6.451336232928345
-6.446606108645272
----------------------------------------------------------------------------------------------------
29
----------------------------------------------------------------------------------------------------
-22.839493653010567
-9.478728759486089
-5.359719568307023
-4.126062523373743
-3.8417098079518275
-3.9123873738893216
-4.106154335719387
-4.335124862376133
-4.305724458760836
-4.318914115047971
-4.363018027342099
-4.442633372378927
-4.500133473414781
-4.5560802340830096
-4.5859421012256885
-4.497339174958389
-4.575877157548589
-4.325858874146396
-4.38829351038832
-4.165989164993016
-4.263632726248211
-4.084541978721991
-4.209842368930868
-4.096368960471141
-4.232404321640698
-3.996119582506264
-4.12160624259483
-3.9870567036035465
-4.114699971057211
-4.278034208226778
-4.0574789016555854
-4.08035489951674
-4.218681253987158
-3.9497141472793906
-4.035542005774254
-4.138230659697076
-3.831502841609564
-3.9034040321334693
-4.003396038646438
-3.690736849864129
-3.778426063186089
-3.6947341963480405
-3.6436400571875396
-3.6395855573733686
-3.573360249271748
-3.6439324559838684
-3.5582672730646694
-3.423597524346473
-3.4817715534335942
-3.5273172027360014
-3.413531320718186
-3.3689143635031447
-3.4000551587518113
-3.2537670273574033
-3.091500376525125
-3.113227665083639
-3.0420534382981965
-3.1085700557429474
-3.1878922113919645
-3.1084741466196055
-2.9690690497957872
-2.9746250113091297
-2.93550443309659
-3.080037234252201
-3.0842305315138
-2.8893711877405317
-2.7990074398989915
-2.798369820094484
-2.785662469456355
-2.868235623359836
-2.9080276458195047
-2.691425943094136
-2.6085337094377232
-2.571916924552506
-2.5182232749131046
-2.625970257646774
-2.5740053162696146
-2.3606699632051775
-2.356440923026426
-2.2849498192923714
-2.1625021381504665
-2.21465787307782
-2.206312432520716
-2.0858498085097623
-1.9387404402938686
-1.9784326357209407
-1.937123310931436
-1.9491008295440033
-1.889687666815491
-1.9396555334301409
-2.017710279054425
-1.8258789910971929
-1.7488488045518467
-1.6462126241324675
-1.6635077381917522
-1.60725817847219
-1.5469666228322712
-1.7385327627470795
-1.7331794057781884
-1.6150960975204929
----------------------------------------------------------------------------------------------------
25
----------------------------------------------------------------------------------------------------
